// Jest Snapshot v1, https://goo.gl/fbAQLP

exports[`Testing on <FirstApp/> Debe de hacer match cion el snapshot 1`] = `
<div>
  <h1
    data-testid="test-title"
  >
    Hola soy Guku
  </h1>
  <h2>
    Hello, 
    No hay nombre
  </h2>
  <h3>
    No hay subtitle
  </h3>
</div>
`;
