// Jest Snapshot v1, https://goo.gl/fbAQLP

exports[`Testin on GifExpertApp<GifExpertApp/> component should match wit the snapshot 1`] = `
<div>
  <h1>
    Gif Expert App
  </h1>
  <form
    aria-label="form"
  >
    <input
      placeholder="Search Gifs"
      type="text"
      value=""
    />
  </form>
  <h3>
     
    One Punch
  </h3>
  <h2>
    Loading...
  </h2>
  <div
    class="card-grid"
  />
</div>
`;
